<!DOCTYPE>
<html lang="en" xml:lang="en">

<head>
    <title>microfocusdialectsample.cbl</title>
    <meta content="text/html; charset=utf-8" />
    <style type="text/css">
        table {
            border-collapse: collapse;
        }

        th {
            background: #dee3e9;
            padding: 7px;
        }

        td {
            padding: 7px;
        }

        tr:nth-child(even) {
            background: #FFF
        }

        tr:nth-child(odd) {
            background: #CCC
        }
    </style>
</head>

<body>
    <h1>
        microfocusdialectsample.cbl
    </h1>
    <p>
        Short sample.
    </p>
    <p>
        author: Bruno Pacheco (https://brunopacheco1.github.io/)
    </p>
    <p>
        License: LGPL-3.0
    </p>
    <h2>Module Summary</h2>
    <table>
        <caption>Module Summary</caption>
        <tr>
            <th scope="col">Name</th>
            <th scope="col">Description</th>
        </tr>
        <tr>
            <td><a href="#first-module">first-module</a></td>
            <td>The first module.  
Trying to see **what** happens to    huge text.</td>
        </tr>
        <tr>
            <td><a href="#second-module">second-module</a></td>
            <td>The second module</td>
        </tr>
        <tr>
            <td><a href="#third-module">third-module</a></td>
            <td>The third module</td>
        </tr>
    </table>
    <h2>Function Summary</h2>
    <table>
        <caption>Function Summary</caption>
        <tr>
            <th scope="col">Name</th>
            <th scope="col">Description</th>
        </tr>
        <tr>
            <td><a href="#firstmodulefunction">firstmodulefunction</a></td>
            <td>first module function</td>
        </tr>
        <tr>
            <td><a href="#secondmodulefunction">secondmodulefunction</a></td>
            <td>second module function</td>
        </tr>
        <tr>
            <td><a href="#thirdmodulefunction">thirdmodulefunction</a></td>
            <td>third module function</td>
        </tr>
    </table>
    <h2>Module Details</h2>
    <h3 id="first-module">first-module</h3>
    <p>
        <em>CALL "first-module".</em>
    </p>
    <p>The first module.  
Trying to see **what** happens to    huge text.</p>
    
    <h3 id="second-module">second-module</h3>
    <p>
        <em>CALL "second-module".</em>
    </p>
    <p>The second module</p>
    
    <h3 id="third-module">third-module</h3>
    <p>
        <em>CALL "third-module".</em>
    </p>
    <p>The third module</p>
    
    <h2>Function Details</h2>
    <h3 id="firstmodulefunction">firstmodulefunction</h3>
    <p>
        <em>{PIC 9} firstmodulefunction(first-arg, second-arg)</em>
    </p>
    <p>first module function</p>
    <h4>Parameters</h4>
    <ul>
        <li>
            <em>{PIC 9}</em> <strong>first-arg</strong> First arg
        </li>
        <li>
            <em>{PIC 9}</em> <strong>second-arg</strong> Second arg
        </li>
    </ul>
    <h4>Returns</h4>
    <ul>
        <li>
            <em>{PIC 9}</em> First return
        </li>
    </ul>
    <h3 id="secondmodulefunction">secondmodulefunction</h3>
    <p>
        <em>{PIC 9} secondmodulefunction(secondarg)</em>
    </p>
    <p>second module function</p>
    <h4>Parameters</h4>
    <ul>
        <li>
            <em>{PIC 9}</em> <strong>secondarg</strong> Second arg
        </li>
    </ul>
    <h4>Returns</h4>
    <ul>
        <li>
            <em>{PIC 9}</em> Second return
        </li>
    </ul>
    <h3 id="thirdmodulefunction">thirdmodulefunction</h3>
    <p>
        <em>{PIC 9} thirdmodulefunction(thirdarg)</em>
    </p>
    <p>third module function</p>
    <h4>Parameters</h4>
    <ul>
        <li>
            <em>{PIC 9}</em> <strong>thirdarg</strong> Third arg
        </li>
    </ul>
    <h4>Returns</h4>
    <ul>
        <li>
            <em>{PIC 9}</em> Third return
        </li>
    </ul>
</body>

</html>