<!DOCTYPE>
<html lang="en" xml:lang="en">

<head>
    <title>string.cbl</title>
    <meta content="text/html; charset=utf-8" />
    <style type="text/css">
        table {
            border-collapse: collapse;
        }

        th {
            background: #dee3e9;
            padding: 7px;
        }

        td {
            padding: 7px;
        }

        tr:nth-child(even) {
            background: #FFF
        }

        tr:nth-child(odd) {
            background: #CCC
        }
    </style>
</head>

<body>
    <h1>
        string.cbl
    </h1>
    <p>
        Core library: string
    </p>
    <p>
        author: Olegs Kunicins
    </p>
    <p>
        License: LGPL-3.0 This library is free software; you can redistribute it and/or modify it under the terms of the GNU Lesser General Public License as published by the Free Software Foundation; either version 3.0 of the License, or (at your option) any later version. This library is distributed in the hope that it will be useful, but WITHOUT ANY WARRANTY; without even the implied warranty of MERCHANTABILITY or FITNESS FOR A PARTICULAR PURPOSE. See the GNU Lesser General Public License for more details. You should have received a copy of the GNU Lesser General Public License along with this library.
    </p>
    <h2>Function Summary</h2>
    <table>
        <caption>Function Summary</caption>
        <tr>
            <th scope="col">Name</th>
            <th scope="col">Description</th>
        </tr>
        <tr>
            <td><a href="#substr-pos">substr-pos</a></td>
            <td>Find the position of the first occurrence of a substring in a string. Case-sensitive.</td>
        </tr>
        <tr>
            <td><a href="#substr-pos-case">substr-pos-case</a></td>
            <td>Find the position of the first occurrence of a substring in a string. Case-insensitive.</td>
        </tr>
        <tr>
            <td><a href="#byte-to-hex">byte-to-hex</a></td>
            <td>Convert one byte into hexadecimal representation.</td>
        </tr>
        <tr>
            <td><a href="#hex-to-byte">hex-to-byte</a></td>
            <td>Convert one byte into hexadecimal representation.</td>
        </tr>
        <tr>
            <td><a href="#substr-count">substr-count</a></td>
            <td>Count the number of substring occurrences. Case-sensitive.</td>
        </tr>
        <tr>
            <td><a href="#substr-count-case">substr-count-case</a></td>
            <td>Count the number of substring occurrences. Case-insensitive.</td>
        </tr>
        <tr>
            <td><a href="#sha3-256">sha3-256</a></td>
            <td>Generate SHA3-256 message digest</td>
        </tr>
        <tr>
            <td><a href="#sha3-512">sha3-512</a></td>
            <td>Generate SHA3-512 message digest</td>
        </tr>
        <tr>
            <td><a href="#urlencoded-to-byte">urlencoded-to-byte</a></td>
            <td>Convert urlencoded symbol into one byte.</td>
        </tr>
        <tr>
            <td><a href="#byte-to-urlencoded">byte-to-urlencoded</a></td>
            <td>Convert one byte into urlencoded symbol.</td>
        </tr>
        <tr>
            <td><a href="#csv-ecb-rates">csv-ecb-rates</a></td>
            <td>Convert ECB exchange rates in CSV format to the list of currency-rate pairs. https://www.ecb.europa.eu/stats/policy_and_exchange_rates/euro_reference_exchange_rates/html/index.en.html</td>
        </tr>
    </table>
    <h2>Function Details</h2>
    <h3 id="substr-pos">substr-pos</h3>
    <p>
        <em>substr-pos(l-haystack, l-needle)</em>
    </p>
    <p>Find the position of the first occurrence of a substring in a string. Case-sensitive.</p>
    <h4>Parameters</h4>
    <ul>
        <li>
            <strong>l-haystack</strong> String to search in
        </li>
        <li>
            <strong>l-needle</strong> String to search for
        </li>
    </ul>
    <h4>Returns</h4>
    <ul>
        <li>
            Position where the needle exists relative to the beginnning of l-haystack. Returns 0 if not found.
        </li>
    </ul>
    <h3 id="substr-pos-case">substr-pos-case</h3>
    <p>
        <em>substr-pos-case(l-haystack, l-needle)</em>
    </p>
    <p>Find the position of the first occurrence of a substring in a string. Case-insensitive.</p>
    <h4>Parameters</h4>
    <ul>
        <li>
            <strong>l-haystack</strong> String to search in
        </li>
        <li>
            <strong>l-needle</strong> String to search for
        </li>
    </ul>
    <h4>Returns</h4>
    <ul>
        <li>
            Position where the needle exists relative to the beginnning of l-haystack. Returns 0 if not found.
        </li>
    </ul>
    <h3 id="byte-to-hex">byte-to-hex</h3>
    <p>
        <em>byte-to-hex(l-byte)</em>
    </p>
    <p>Convert one byte into hexadecimal representation.</p>
    <h4>Parameters</h4>
    <ul>
        <li>
            <strong>l-byte</strong> Byte
        </li>
    </ul>
    <h4>Returns</h4>
    <ul>
        <li>
            2 hexadecimal chars
        </li>
    </ul>
    <h3 id="hex-to-byte">hex-to-byte</h3>
    <p>
        <em>hex-to-byte(l-hex)</em>
    </p>
    <p>Convert one byte into hexadecimal representation.</p>
    <h4>Parameters</h4>
    <ul>
        <li>
            <strong>l-hex</strong> 2 hexadecimal chars
        </li>
    </ul>
    <h4>Returns</h4>
    <ul>
        <li>
            Byte
        </li>
    </ul>
    <h3 id="substr-count">substr-count</h3>
    <p>
        <em>substr-count(l-haystack, l-needle)</em>
    </p>
    <p>Count the number of substring occurrences. Case-sensitive.</p>
    <h4>Parameters</h4>
    <ul>
        <li>
            <strong>l-haystack</strong> String to search in
        </li>
        <li>
            <strong>l-needle</strong> String to search for
        </li>
    </ul>
    <h4>Returns</h4>
    <ul>
        <li>
            Number of occurrences
        </li>
    </ul>
    <h3 id="substr-count-case">substr-count-case</h3>
    <p>
        <em>substr-count-case(l-haystack, l-needle)</em>
    </p>
    <p>Count the number of substring occurrences. Case-insensitive.</p>
    <h4>Parameters</h4>
    <ul>
        <li>
            <strong>l-haystack</strong> String to search in
        </li>
        <li>
            <strong>l-needle</strong> String to search for
        </li>
    </ul>
    <h4>Returns</h4>
    <ul>
        <li>
            Number of occurrences
        </li>
    </ul>
    <h3 id="sha3-256">sha3-256</h3>
    <p>
        <em>sha3-256(l-buffer)</em>
    </p>
    <p>Generate SHA3-256 message digest</p>
    <h4>Parameters</h4>
    <ul>
        <li>
            <strong>l-buffer</strong> Input bytes
        </li>
    </ul>
    <h4>Returns</h4>
    <ul>
        <li>
            64 hexadecimal chars
        </li>
    </ul>
    <h3 id="sha3-512">sha3-512</h3>
    <p>
        <em>sha3-512(l-buffer)</em>
    </p>
    <p>Generate SHA3-512 message digest</p>
    <h4>Parameters</h4>
    <ul>
        <li>
            <strong>l-buffer</strong> Input bytes
        </li>
    </ul>
    <h4>Returns</h4>
    <ul>
        <li>
            128 hexadecimal chars
        </li>
    </ul>
    <h3 id="urlencoded-to-byte">urlencoded-to-byte</h3>
    <p>
        <em>urlencoded-to-byte(l-symbol)</em>
    </p>
    <p>Convert urlencoded symbol into one byte.</p>
    <h4>Parameters</h4>
    <ul>
        <li>
            <strong>l-symbol</strong> Urlencoded symbol (3 bytes)
        </li>
    </ul>
    <h4>Returns</h4>
    <ul>
        <li>
            Byte
        </li>
    </ul>
    <h3 id="byte-to-urlencoded">byte-to-urlencoded</h3>
    <p>
        <em>byte-to-urlencoded(l-byte)</em>
    </p>
    <p>Convert one byte into urlencoded symbol.</p>
    <h4>Parameters</h4>
    <ul>
        <li>
            <strong>l-byte</strong> Byte
        </li>
    </ul>
    <h4>Returns</h4>
    <ul>
        <li>
            Urlencoded symbol (3 bytes)
        </li>
    </ul>
    <h3 id="csv-ecb-rates">csv-ecb-rates</h3>
    <p>
        <em>csv-ecb-rates(l-byte)</em>
    </p>
    <p>Convert ECB exchange rates in CSV format to the list of currency-rate pairs. https://www.ecb.europa.eu/stats/policy_and_exchange_rates/euro_reference_exchange_rates/html/index.en.html</p>
    <h4>Parameters</h4>
    <ul>
        <li>
            <strong>l-byte</strong> CSV string
        </li>
    </ul>
    <h4>Returns</h4>
    <ul>
        <li>
            Urlencoded symbol Pointer to the list of 64 [pic x(3), pic 9(7)V9(8)] elements
        </li>
    </ul>
</body>

</html>